Archive member included to satisfy reference by file (symbol)

c:/program files (x86)/atmel/studio/7.0/toolchain/arm/arm-gnu-toolchain/bin/../lib/gcc/arm-none-eabi/5.3.1/armv6-m\libgcc.a(_udivsi3.o)
                              src/ASF/sam0/drivers/system/clock/clock_samd21_r21_da/clock.o (__aeabi_uidiv)
c:/program files (x86)/atmel/studio/7.0/toolchain/arm/arm-gnu-toolchain/bin/../lib/gcc/arm-none-eabi/5.3.1/armv6-m\libgcc.a(_dvmd_tls.o)
                              c:/program files (x86)/atmel/studio/7.0/toolchain/arm/arm-gnu-toolchain/bin/../lib/gcc/arm-none-eabi/5.3.1/armv6-m\libgcc.a(_udivsi3.o) (__aeabi_idiv0)
c:/program files (x86)/atmel/studio/7.0/toolchain/arm/arm-gnu-toolchain/bin/../lib/gcc/arm-none-eabi/5.3.1/../../../../arm-none-eabi/lib/armv6-m\libc_nano.a(lib_a-exit.o)
                              c:/program files (x86)/atmel/studio/7.0/toolchain/arm/arm-gnu-toolchain/bin/../lib/gcc/arm-none-eabi/5.3.1/../../../../arm-none-eabi/lib/armv6-m/crt0.o (exit)
c:/program files (x86)/atmel/studio/7.0/toolchain/arm/arm-gnu-toolchain/bin/../lib/gcc/arm-none-eabi/5.3.1/../../../../arm-none-eabi/lib/armv6-m\libc_nano.a(lib_a-impure.o)
                              c:/program files (x86)/atmel/studio/7.0/toolchain/arm/arm-gnu-toolchain/bin/../lib/gcc/arm-none-eabi/5.3.1/../../../../arm-none-eabi/lib/armv6-m\libc_nano.a(lib_a-exit.o) (_global_impure_ptr)
c:/program files (x86)/atmel/studio/7.0/toolchain/arm/arm-gnu-toolchain/bin/../lib/gcc/arm-none-eabi/5.3.1/../../../../arm-none-eabi/lib/armv6-m\libc_nano.a(lib_a-init.o)
                              c:/program files (x86)/atmel/studio/7.0/toolchain/arm/arm-gnu-toolchain/bin/../lib/gcc/arm-none-eabi/5.3.1/../../../../arm-none-eabi/lib/armv6-m/crt0.o (__libc_init_array)
c:/program files (x86)/atmel/studio/7.0/toolchain/arm/arm-gnu-toolchain/bin/../lib/gcc/arm-none-eabi/5.3.1/../../../../arm-none-eabi/lib/armv6-m\libc_nano.a(lib_a-memset.o)
                              c:/program files (x86)/atmel/studio/7.0/toolchain/arm/arm-gnu-toolchain/bin/../lib/gcc/arm-none-eabi/5.3.1/../../../../arm-none-eabi/lib/armv6-m/crt0.o (memset)
c:/program files (x86)/atmel/studio/7.0/toolchain/arm/arm-gnu-toolchain/bin/../lib/gcc/arm-none-eabi/5.3.1/../../../../arm-none-eabi/lib/armv6-m\libc_nano.a(lib_a-rand.o)
                              src/main.o (rand)
c:/program files (x86)/atmel/studio/7.0/toolchain/arm/arm-gnu-toolchain/bin/../lib/gcc/arm-none-eabi/5.3.1/../../../../arm-none-eabi/lib/armv6-m\libc_nano.a(lib_a-malloc.o)
                              c:/program files (x86)/atmel/studio/7.0/toolchain/arm/arm-gnu-toolchain/bin/../lib/gcc/arm-none-eabi/5.3.1/../../../../arm-none-eabi/lib/armv6-m\libc_nano.a(lib_a-rand.o) (malloc)
c:/program files (x86)/atmel/studio/7.0/toolchain/arm/arm-gnu-toolchain/bin/../lib/gcc/arm-none-eabi/5.3.1/../../../../arm-none-eabi/lib/armv6-m\libc_nano.a(lib_a-nano-freer.o)
                              c:/program files (x86)/atmel/studio/7.0/toolchain/arm/arm-gnu-toolchain/bin/../lib/gcc/arm-none-eabi/5.3.1/../../../../arm-none-eabi/lib/armv6-m\libc_nano.a(lib_a-malloc.o) (_free_r)
c:/program files (x86)/atmel/studio/7.0/toolchain/arm/arm-gnu-toolchain/bin/../lib/gcc/arm-none-eabi/5.3.1/../../../../arm-none-eabi/lib/armv6-m\libc_nano.a(lib_a-nano-mallocr.o)
                              c:/program files (x86)/atmel/studio/7.0/toolchain/arm/arm-gnu-toolchain/bin/../lib/gcc/arm-none-eabi/5.3.1/../../../../arm-none-eabi/lib/armv6-m\libc_nano.a(lib_a-malloc.o) (_malloc_r)
c:/program files (x86)/atmel/studio/7.0/toolchain/arm/arm-gnu-toolchain/bin/../lib/gcc/arm-none-eabi/5.3.1/../../../../arm-none-eabi/lib/armv6-m\libc_nano.a(lib_a-sbrkr.o)
                              c:/program files (x86)/atmel/studio/7.0/toolchain/arm/arm-gnu-toolchain/bin/../lib/gcc/arm-none-eabi/5.3.1/../../../../arm-none-eabi/lib/armv6-m\libc_nano.a(lib_a-nano-mallocr.o) (_sbrk_r)
c:/program files (x86)/atmel/studio/7.0/toolchain/arm/arm-gnu-toolchain/bin/../lib/gcc/arm-none-eabi/5.3.1/../../../../arm-none-eabi/lib/armv6-m\libc_nano.a(lib_a-reent.o)
                              c:/program files (x86)/atmel/studio/7.0/toolchain/arm/arm-gnu-toolchain/bin/../lib/gcc/arm-none-eabi/5.3.1/../../../../arm-none-eabi/lib/armv6-m\libc_nano.a(lib_a-sbrkr.o) (errno)
c:/program files (x86)/atmel/studio/7.0/toolchain/arm/arm-gnu-toolchain/bin/../lib/gcc/arm-none-eabi/5.3.1/armv6-m\libgcc.a(_muldi3.o)
                              c:/program files (x86)/atmel/studio/7.0/toolchain/arm/arm-gnu-toolchain/bin/../lib/gcc/arm-none-eabi/5.3.1/../../../../arm-none-eabi/lib/armv6-m\libc_nano.a(lib_a-rand.o) (__aeabi_lmul)

Allocating common symbols
Common symbol       size              file

errno               0x4               c:/program files (x86)/atmel/studio/7.0/toolchain/arm/arm-gnu-toolchain/bin/../lib/gcc/arm-none-eabi/5.3.1/../../../../arm-none-eabi/lib/armv6-m\libc_nano.a(lib_a-reent.o)
man                 0x4b0             src/main.o

Discarded input sections

[...]
Memory Configuration

Name             Origin             Length             Attributes
rom              0x00000000         0x00040000         xr
ram              0x20000000         0x00008000         xrw
*default*        0x00000000         0xffffffff

Linker script and memory map

LOAD c:/program files (x86)/atmel/studio/7.0/toolchain/arm/arm-gnu-toolchain/bin/../lib/gcc/arm-none-eabi/5.3.1/armv6-m/crti.o
LOAD c:/program files (x86)/atmel/studio/7.0/toolchain/arm/arm-gnu-toolchain/bin/../lib/gcc/arm-none-eabi/5.3.1/armv6-m/crtbegin.o
LOAD c:/program files (x86)/atmel/studio/7.0/toolchain/arm/arm-gnu-toolchain/bin/../lib/gcc/arm-none-eabi/5.3.1/../../../../arm-none-eabi/lib/armv6-m/crt0.o
LOAD src/export_flog_bmp.o
LOAD src/FT8XX.o
LOAD src/FT8XX_jpeg.o
LOAD src/gear2_jpg.o
LOAD src/user_clock.o
LOAD src/user_gpio.o
LOAD src/user_spi.o
LOAD src/ASF/common2/boards/user_board/init.o
LOAD src/ASF/common/utils/interrupt/interrupt_sam_nvic.o
LOAD src/ASF/sam0/drivers/system/clock/clock_samd21_r21_da/clock.o
LOAD src/ASF/sam0/drivers/system/clock/clock_samd21_r21_da/gclk.o
LOAD src/ASF/sam0/drivers/system/interrupt/system_interrupt.o
LOAD src/ASF/sam0/drivers/system/pinmux/pinmux.o
LOAD src/ASF/sam0/drivers/system/system.o
LOAD src/ASF/sam0/utils/cmsis/samd21/source/gcc/startup_samd21.o
LOAD src/ASF/sam0/utils/cmsis/samd21/source/system_samd21.o
LOAD src/ASF/sam0/utils/syscalls/gcc/syscalls.o
LOAD src/main.o
START GROUP
LOAD ../src/ASF/thirdparty/CMSIS/Lib/GCC\libarm_cortexM0l_math.a
LOAD c:/program files (x86)/atmel/studio/7.0/toolchain/arm/arm-gnu-toolchain/bin/../lib/gcc/arm-none-eabi/5.3.1/../../../../arm-none-eabi/lib/armv6-m\libm.a
END GROUP
START GROUP
LOAD c:/program files (x86)/atmel/studio/7.0/toolchain/arm/arm-gnu-toolchain/bin/../lib/gcc/arm-none-eabi/5.3.1/armv6-m\libgcc.a
LOAD c:/program files (x86)/atmel/studio/7.0/toolchain/arm/arm-gnu-toolchain/bin/../lib/gcc/arm-none-eabi/5.3.1/../../../../arm-none-eabi/lib/armv6-m\libc_nano.a
END GROUP
START GROUP
LOAD c:/program files (x86)/atmel/studio/7.0/toolchain/arm/arm-gnu-toolchain/bin/../lib/gcc/arm-none-eabi/5.3.1/armv6-m\libgcc.a
LOAD c:/program files (x86)/atmel/studio/7.0/toolchain/arm/arm-gnu-toolchain/bin/../lib/gcc/arm-none-eabi/5.3.1/../../../../arm-none-eabi/lib/armv6-m\libc_nano.a
END GROUP
LOAD c:/program files (x86)/atmel/studio/7.0/toolchain/arm/arm-gnu-toolchain/bin/../lib/gcc/arm-none-eabi/5.3.1/armv6-m/crtend.o
LOAD c:/program files (x86)/atmel/studio/7.0/toolchain/arm/arm-gnu-toolchain/bin/../lib/gcc/arm-none-eabi/5.3.1/armv6-m/crtn.o
                0x00002000                STACK_SIZE = DEFINED (STACK_SIZE)?STACK_SIZE:DEFINED (__stack_size__)?__stack_size__:0x2000

.text           0x00000000     0x85fc
                0x00000000                . = ALIGN (0x4)
                0x00000000                _sfixed = .
 *(.vectors .vectors.*)
 .vectors       0x00000000       0xb4 src/ASF/sam0/utils/cmsis/samd21/source/gcc/startup_samd21.o
                0x00000000                exception_table
 *(.text .text.* .gnu.linkonce.t.*)
 .text          0x000000b4       0x60 c:/program files (x86)/atmel/studio/7.0/toolchain/arm/arm-gnu-toolchain/bin/../lib/gcc/arm-none-eabi/5.3.1/armv6-m/crtbegin.o
 .text.TransByte
                0x00000114       0x40 src/FT8XX.o
                0x00000114                TransByte
 .text.HostCommand
                0x00000154       0x60 src/FT8XX.o
                0x00000154                HostCommand
 .text.HostMemWriteByte
                0x000001b4       0x68 src/FT8XX.o
                0x000001b4                HostMemWriteByte
 .text.HostMemWriteWord
                0x0000021c       0x78 src/FT8XX.o
                0x0000021c                HostMemWriteWord
 .text.HostMemWriteDoubleWord
                0x00000294       0xc0 src/FT8XX.o
                0x00000294                HostMemWriteDoubleWord
 .text.HostMemReadWord
                0x00000354       0x88 src/FT8XX.o
                0x00000354                HostMemReadWord
 .text.incCMDOffset
                0x000003dc       0x3c src/FT8XX.o
                0x000003dc                incCMDOffset
 .text.fifo_Freespace
                0x00000418       0x54 src/FT8XX.o
 .text.CheckCmdBuffer
                0x0000046c       0x3c src/FT8XX.o
 .text.Updatecmdfifo
                0x000004a8       0x5c src/FT8XX.o
 .text.WaitCmdfifo_empty
                0x00000504       0x54 src/FT8XX.o
                0x00000504                WaitCmdfifo_empty
 .text.WrCmdBuf
                0x00000558      0x168 src/FT8XX.o
                0x00000558                WrCmdBuf
 .text.InflateLoad
                0x000006c0      0x15c src/FT8XX_jpeg.o
                0x000006c0                InflateLoad
 .text.system_interrupt_enter_critical_section
                0x0000081c       0x14 src/user_clock.o
 .text.system_interrupt_leave_critical_section
                0x00000830       0x14 src/user_clock.o
 .text.system_gclk_is_syncing
                0x00000844       0x20 src/user_clock.o
 .text.GClkGenInit
                0x00000864       0x74 src/user_clock.o
                0x00000864                GClkGenInit
 .text.ModuleClkInit
                0x000008d8       0x58 src/user_clock.o
                0x000008d8                ModuleClkInit
 .text.UserClockInit
                0x00000930       0x64 src/user_clock.o
                0x00000930                UserClockInit
 .text.GetPortOffset
                0x00000994       0x70 src/user_gpio.o
 .text.GpioPortInit
                0x00000a04      0x134 src/user_gpio.o
                0x00000a04                GpioPortInit
 .text.GpioBitOut
                0x00000b38       0x60 src/user_gpio.o
                0x00000b38                GpioBitOut
 .text.SercomSPI_Enable
                0x00000b98       0x20 src/user_spi.o
                0x00000b98                SercomSPI_Enable
 .text.SercomSPI_Init
                0x00000bb8       0x38 src/user_spi.o
                0x00000bb8                SercomSPI_Init
 .text.SercomSPI_WriteComplete
                0x00000bf0       0x24 src/user_spi.o
                0x00000bf0                SercomSPI_WriteComplete
 .text.SercomSPI_TransByte
                0x00000c14       0x50 src/user_spi.o
                0x00000c14                SercomSPI_TransByte
 .text.cpu_irq_enter_critical
                0x00000c64       0x54 src/ASF/common/utils/interrupt/interrupt_sam_nvic.o
                0x00000c64                cpu_irq_enter_critical
 .text.cpu_irq_leave_critical
                0x00000cb8       0x40 src/ASF/common/utils/interrupt/interrupt_sam_nvic.o
                0x00000cb8                cpu_irq_leave_critical
 .text.system_gclk_gen_get_config_defaults
                0x00000cf8       0x30 src/ASF/sam0/drivers/system/clock/clock_samd21_r21_da/clock.o
 .text.system_clock_source_osc8m_get_config_defaults
                0x00000d28       0x24 src/ASF/sam0/drivers/system/clock/clock_samd21_r21_da/clock.o
 .text.system_cpu_clock_set_divider
                0x00000d4c       0x20 src/ASF/sam0/drivers/system/clock/clock_samd21_r21_da/clock.o
 .text.system_apb_clock_set_divider
                0x00000d6c       0x54 src/ASF/sam0/drivers/system/clock/clock_samd21_r21_da/clock.o
 .text.system_flash_set_waitstates
                0x00000dc0       0x34 src/ASF/sam0/drivers/system/clock/clock_samd21_r21_da/clock.o
 .text._system_dfll_wait_for_sync
                0x00000df4       0x1c src/ASF/sam0/drivers/system/clock/clock_samd21_r21_da/clock.o
 .text._system_clock_source_dfll_set_config_errata_9905
                0x00000e10       0x44 src/ASF/sam0/drivers/system/clock/clock_samd21_r21_da/clock.o
 .text.system_clock_source_osc8m_set_config
                0x00000e54       0x78 src/ASF/sam0/drivers/system/clock/clock_samd21_r21_da/clock.o
                0x00000e54                system_clock_source_osc8m_set_config
 .text.system_clock_source_dfll_set_config
                0x00000ecc       0xd0 src/ASF/sam0/drivers/system/clock/clock_samd21_r21_da/clock.o
                0x00000ecc                system_clock_source_dfll_set_config
 .text.system_clock_source_enable
                0x00000f9c       0xac src/ASF/sam0/drivers/system/clock/clock_samd21_r21_da/clock.o
                0x00000f9c                system_clock_source_enable
 .text._switch_peripheral_gclk
                0x00001048       0x38 src/ASF/sam0/drivers/system/clock/clock_samd21_r21_da/clock.o
 .text.system_clock_init
                0x00001080       0xd4 src/ASF/sam0/drivers/system/clock/clock_samd21_r21_da/clock.o
                0x00001080                system_clock_init
 .text.system_apb_clock_set_mask
                0x00001154       0x5c src/ASF/sam0/drivers/system/clock/clock_samd21_r21_da/gclk.o
 .text.system_interrupt_enter_critical_section
                0x000011b0       0x14 src/ASF/sam0/drivers/system/clock/clock_samd21_r21_da/gclk.o
 .text.system_interrupt_leave_critical_section
                0x000011c4       0x14 src/ASF/sam0/drivers/system/clock/clock_samd21_r21_da/gclk.o
 .text.system_gclk_is_syncing
                0x000011d8       0x20 src/ASF/sam0/drivers/system/clock/clock_samd21_r21_da/gclk.o
 .text.system_gclk_init
                0x000011f8       0x30 src/ASF/sam0/drivers/system/clock/clock_samd21_r21_da/gclk.o
                0x000011f8                system_gclk_init
 .text.system_gclk_gen_set_config
                0x00001228      0x124 src/ASF/sam0/drivers/system/clock/clock_samd21_r21_da/gclk.o
                0x00001228                system_gclk_gen_set_config
 .text.system_gclk_gen_enable
                0x0000134c       0x5c src/ASF/sam0/drivers/system/clock/clock_samd21_r21_da/gclk.o
                0x0000134c                system_gclk_gen_enable
 .text.system_gclk_chan_set_config
                0x000013a8       0x44 src/ASF/sam0/drivers/system/clock/clock_samd21_r21_da/gclk.o
                0x000013a8                system_gclk_chan_set_config
 .text.system_gclk_chan_disable
                0x000013ec       0x98 src/ASF/sam0/drivers/system/clock/clock_samd21_r21_da/gclk.o
                0x000013ec                system_gclk_chan_disable
 .text.Reset_Handler
                0x00001484       0xf8 src/ASF/sam0/utils/cmsis/samd21/source/gcc/startup_samd21.o
                0x00001484                Reset_Handler
 .text.Dummy_Handler
                0x0000157c        0x8 src/ASF/sam0/utils/cmsis/samd21/source/gcc/startup_samd21.o
                0x0000157c                DMAC_Handler
                0x0000157c                HardFault_Handler
                0x0000157c                AC_Handler
                0x0000157c                SysTick_Handler
                0x0000157c                PendSV_Handler
                0x0000157c                NMI_Handler
                0x0000157c                SERCOM1_Handler
                0x0000157c                ADC_Handler
                0x0000157c                TCC1_Handler
                0x0000157c                SERCOM2_Handler
                0x0000157c                TCC0_Handler
                0x0000157c                RTC_Handler
                0x0000157c                EIC_Handler
                0x0000157c                WDT_Handler
                0x0000157c                TC4_Handler
                0x0000157c                USB_Handler
                0x0000157c                TC3_Handler
                0x0000157c                Dummy_Handler
                0x0000157c                PM_Handler
                0x0000157c                SERCOM5_Handler
                0x0000157c                SVC_Handler
                0x0000157c                TCC2_Handler
                0x0000157c                EVSYS_Handler
                0x0000157c                SERCOM3_Handler
                0x0000157c                SERCOM4_Handler
                0x0000157c                I2S_Handler
                0x0000157c                NVMCTRL_Handler
                0x0000157c                SERCOM0_Handler
                0x0000157c                DAC_Handler
                0x0000157c                PTC_Handler
                0x0000157c                TC5_Handler
                0x0000157c                SYSCTRL_Handler
 .text._sbrk    0x00001584       0x3c src/ASF/sam0/utils/syscalls/gcc/syscalls.o
                0x00001584                _sbrk
 .text.system_gclk_gen_get_config_defaults
                0x000015c0       0x30 src/main.o
 .text.system_clock_source_dfll_get_config_defaults
                0x000015f0       0x54 src/main.o
 .text.system_apb_clock_set_mask
                0x00001644       0x5c src/main.o
 .text.system_flash_set_waitstates
                0x000016a0       0x34 src/main.o
 .text.UserWait
                0x000016d4       0x20 src/main.o
                0x000016d4                UserWait
 .text.configure_dfll_open_loop
                0x000016f4       0x28 src/main.o
                0x000016f4                configure_dfll_open_loop
 .text.ClockInitTest
                0x0000171c       0x68 src/main.o
                0x0000171c                ClockInitTest
 .text.AnimetionImageinit
                0x00001784       0xd0 src/main.o
                0x00001784                AnimetionImageinit
 .text.AnimetionAlloc
                0x00001854       0xc4 src/main.o
                0x00001854                AnimetionAlloc
 .text.AnimetionTaskDriver
                0x00001918       0xd4 src/main.o
                0x00001918                AnimetionTaskDriver
 .text.AnimetionTrans
                0x000019ec      0x214 src/main.o
                0x000019ec                AnimetionTrans
 .text.sprite_move
                0x00001c00      0x1bc src/main.o
                0x00001c00                sprite_move
 .text.main     0x00001dbc      0x9c8 src/main.o
                0x00001dbc                main
 .text.__libc_init_array
                0x00002784       0x4c c:/program files (x86)/atmel/studio/7.0/toolchain/arm/arm-gnu-toolchain/bin/../lib/gcc/arm-none-eabi/5.3.1/../../../../arm-none-eabi/lib/armv6-m\libc_nano.a(lib_a-init.o)
                0x00002784                __libc_init_array
 .text.rand     0x000027d0       0x78 c:/program files (x86)/atmel/studio/7.0/toolchain/arm/arm-gnu-toolchain/bin/../lib/gcc/arm-none-eabi/5.3.1/../../../../arm-none-eabi/lib/armv6-m\libc_nano.a(lib_a-rand.o)
                0x000027d0                rand
 .text.malloc   0x00002848       0x14 c:/program files (x86)/atmel/studio/7.0/toolchain/arm/arm-gnu-toolchain/bin/../lib/gcc/arm-none-eabi/5.3.1/../../../../arm-none-eabi/lib/armv6-m\libc_nano.a(lib_a-malloc.o)
                0x00002848                malloc
 .text._malloc_r
                0x0000285c       0xac c:/program files (x86)/atmel/studio/7.0/toolchain/arm/arm-gnu-toolchain/bin/../lib/gcc/arm-none-eabi/5.3.1/../../../../arm-none-eabi/lib/armv6-m\libc_nano.a(lib_a-nano-mallocr.o)
                0x0000285c                _malloc_r
 .text._sbrk_r  0x00002908       0x24 c:/program files (x86)/atmel/studio/7.0/toolchain/arm/arm-gnu-toolchain/bin/../lib/gcc/arm-none-eabi/5.3.1/../../../../arm-none-eabi/lib/armv6-m\libc_nano.a(lib_a-sbrkr.o)
                0x00002908                _sbrk_r
 .text          0x0000292c       0x58 c:/program files (x86)/atmel/studio/7.0/toolchain/arm/arm-gnu-toolchain/bin/../lib/gcc/arm-none-eabi/5.3.1/armv6-m\libgcc.a(_muldi3.o)
                0x0000292c                __muldi3
                0x0000292c                __aeabi_lmul
 *(.glue_7t)
 .glue_7t       0x00002984        0x0 linker stubs
 *(.glue_7)
 .glue_7        0x00002984        0x0 linker stubs
 *(.rodata .rodata* .gnu.linkonce.r.*)
 .rodata.system_clock_source_enable
                0x00002984       0x24 src/ASF/sam0/drivers/system/clock/clock_samd21_r21_da/clock.o
 .rodata.SampleSprite
                0x000029a8     0x5b99 src/main.o
                0x000029a8                SampleSprite
 *fill*         0x00008541        0x3 
 .rodata.PL1S   0x00008544        0x8 src/main.o
                0x00008544                PL1S
 .rodata.PL1N   0x0000854c        0x8 src/main.o
                0x0000854c                PL1N
 .rodata.PL1W   0x00008554        0x8 src/main.o
                0x00008554                PL1W
 .rodata.PL1E   0x0000855c        0x8 src/main.o
                0x0000855c                PL1E
 .rodata.PL2S   0x00008564        0x8 src/main.o
                0x00008564                PL2S
 .rodata.PL2N   0x0000856c        0x8 src/main.o
                0x0000856c                PL2N
 .rodata.PL2W   0x00008574        0x8 src/main.o
                0x00008574                PL2W
 .rodata.PL2E   0x0000857c        0x8 src/main.o
                0x0000857c                PL2E
 .rodata.PL3S   0x00008584        0x8 src/main.o
                0x00008584                PL3S
 .rodata.PL3N   0x0000858c        0x8 src/main.o
                0x0000858c                PL3N
 .rodata.PL3W   0x00008594        0x8 src/main.o
                0x00008594                PL3W
 .rodata.PL3E   0x0000859c        0x8 src/main.o
                0x0000859c                PL3E
 .rodata.PL4S   0x000085a4        0x8 src/main.o
                0x000085a4                PL4S
 .rodata.PL4N   0x000085ac        0x8 src/main.o
                0x000085ac                PL4N
 .rodata.PL4W   0x000085b4        0x8 src/main.o
                0x000085b4                PL4W
 .rodata.PL4E   0x000085bc        0x8 src/main.o
                0x000085bc                PL4E
 .rodata.AnimetionTrans
                0x000085c4       0x14 src/main.o
 .rodata.str1.1
                0x000085d8        0x2 c:/program files (x86)/atmel/studio/7.0/toolchain/arm/arm-gnu-toolchain/bin/../lib/gcc/arm-none-eabi/5.3.1/../../../../arm-none-eabi/lib/armv6-m\libc_nano.a(lib_a-impure.o)
 *(.ARM.extab* .gnu.linkonce.armextab.*)
                0x000085dc                . = ALIGN (0x4)
 *fill*         0x000085da        0x2 
 *(.init)
 .init          0x000085dc        0x4 c:/program files (x86)/atmel/studio/7.0/toolchain/arm/arm-gnu-toolchain/bin/../lib/gcc/arm-none-eabi/5.3.1/armv6-m/crti.o
                0x000085dc                _init
 .init          0x000085e0        0x8 c:/program files (x86)/atmel/studio/7.0/toolchain/arm/arm-gnu-toolchain/bin/../lib/gcc/arm-none-eabi/5.3.1/armv6-m/crtn.o
                0x000085e8                . = ALIGN (0x4)
                0x000085e8                __preinit_array_start = .
 *(.preinit_array)
                0x000085e8                __preinit_array_end = .
                0x000085e8                . = ALIGN (0x4)
                0x000085e8                __init_array_start = .
 *(SORT(.init_array.*))
 *(.init_array)
 .init_array    0x000085e8        0x4 c:/program files (x86)/atmel/studio/7.0/toolchain/arm/arm-gnu-toolchain/bin/../lib/gcc/arm-none-eabi/5.3.1/armv6-m/crtbegin.o
                0x000085ec                __init_array_end = .
                0x000085ec                . = ALIGN (0x4)
 *crtbegin.o(.ctors)
 *(EXCLUDE_FILE(*crtend.o) .ctors)
 *(SORT(.ctors.*))
 *crtend.o(.ctors)
                0x000085ec                . = ALIGN (0x4)
 *(.fini)
 .fini          0x000085ec        0x4 c:/program files (x86)/atmel/studio/7.0/toolchain/arm/arm-gnu-toolchain/bin/../lib/gcc/arm-none-eabi/5.3.1/armv6-m/crti.o
                0x000085ec                _fini
 .fini          0x000085f0        0x8 c:/program files (x86)/atmel/studio/7.0/toolchain/arm/arm-gnu-toolchain/bin/../lib/gcc/arm-none-eabi/5.3.1/armv6-m/crtn.o
                0x000085f8                . = ALIGN (0x4)
                0x000085f8                __fini_array_start = .
 *(.fini_array)
 .fini_array    0x000085f8        0x4 c:/program files (x86)/atmel/studio/7.0/toolchain/arm/arm-gnu-toolchain/bin/../lib/gcc/arm-none-eabi/5.3.1/armv6-m/crtbegin.o
 *(SORT(.fini_array.*))
                0x000085fc                __fini_array_end = .
 *crtbegin.o(.dtors)
 *(EXCLUDE_FILE(*crtend.o) .dtors)
 *(SORT(.dtors.*))
 *crtend.o(.dtors)
                0x000085fc                . = ALIGN (0x4)
                0x000085fc                _efixed = .
                [!provide]                PROVIDE (__exidx_start, .)

.vfp11_veneer   0x000085fc        0x0
 .vfp11_veneer  0x000085fc        0x0 linker stubs

.v4_bx          0x000085fc        0x0
 .v4_bx         0x000085fc        0x0 linker stubs

.iplt           0x000085fc        0x0
 .iplt          0x000085fc        0x0 c:/program files (x86)/atmel/studio/7.0/toolchain/arm/arm-gnu-toolchain/bin/../lib/gcc/arm-none-eabi/5.3.1/armv6-m/crtbegin.o

.eh_frame       0x000085fc        0x0
 .eh_frame      0x000085fc        0x0 c:/program files (x86)/atmel/studio/7.0/toolchain/arm/arm-gnu-toolchain/bin/../lib/gcc/arm-none-eabi/5.3.1/armv6-m/crtbegin.o

.rel.dyn        0x000085fc        0x0
 .rel.iplt      0x000085fc        0x0 c:/program files (x86)/atmel/studio/7.0/toolchain/arm/arm-gnu-toolchain/bin/../lib/gcc/arm-none-eabi/5.3.1/armv6-m/crtbegin.o

.jcr            0x000085fc        0x0
 .jcr           0x000085fc        0x0 c:/program files (x86)/atmel/studio/7.0/toolchain/arm/arm-gnu-toolchain/bin/../lib/gcc/arm-none-eabi/5.3.1/armv6-m/crtbegin.o

.igot.plt       0x000085fc        0x0
 .igot.plt      0x000085fc        0x0 c:/program files (x86)/atmel/studio/7.0/toolchain/arm/arm-gnu-toolchain/bin/../lib/gcc/arm-none-eabi/5.3.1/armv6-m/crtbegin.o

.ARM.exidx
 *(.ARM.exidx* .gnu.linkonce.armexidx.*)
                [!provide]                PROVIDE (__exidx_end, .)
                0x000085fc                . = ALIGN (0x4)
                0x000085fc                _etext = .

.relocate       0x20000000      0x448 load address 0x000085fc
                0x20000000                . = ALIGN (0x4)
                0x20000000                _srelocate = .
 *(.ramfunc .ramfunc.*)
 *(.data .data.*)
 .data.GclkCtrlTbl
                0x20000000       0x6c src/user_clock.o
                0x20000000                GclkCtrlTbl
 .data.ModuleClkTbl
                0x2000006c       0x60 src/user_clock.o
                0x2000006c                ModuleClkTbl
 .data.g_interrupt_enabled
                0x200000cc        0x1 src/ASF/common/utils/interrupt/interrupt_sam_nvic.o
                0x200000cc                g_interrupt_enabled
 *fill*         0x200000cd        0x3 
 .data.test2    0x200000d0       0x14 src/main.o
                0x200000d0                test2
 .data.Player1_N
                0x200000e4       0x30 src/main.o
                0x200000e4                Player1_N
 .data.Player1_E
                0x20000114       0x30 src/main.o
                0x20000114                Player1_E
 .data.Player1_S
                0x20000144       0x30 src/main.o
                0x20000144                Player1_S
 .data.Player1_W
                0x20000174       0x30 src/main.o
                0x20000174                Player1_W
 .data.Player2_N
                0x200001a4       0x30 src/main.o
                0x200001a4                Player2_N
 .data.Player2_E
                0x200001d4       0x30 src/main.o
                0x200001d4                Player2_E
 .data.Player2_S
                0x20000204       0x30 src/main.o
                0x20000204                Player2_S
 .data.Player2_W
                0x20000234       0x30 src/main.o
                0x20000234                Player2_W
 .data.Player3_N
                0x20000264       0x30 src/main.o
                0x20000264                Player3_N
 .data.Player3_E
                0x20000294       0x30 src/main.o
                0x20000294                Player3_E
 .data.Player3_S
                0x200002c4       0x30 src/main.o
                0x200002c4                Player3_S
 .data.Player3_W
                0x200002f4       0x30 src/main.o
                0x200002f4                Player3_W
 .data.Player4_N
                0x20000324       0x30 src/main.o
                0x20000324                Player4_N
 .data.Player4_E
                0x20000354       0x30 src/main.o
                0x20000354                Player4_E
 .data.Player4_S
                0x20000384       0x30 src/main.o
                0x20000384                Player4_S
 .data.Player4_W
                0x200003b4       0x30 src/main.o
                0x200003b4                Player4_W
 .data.impure_data
                0x200003e4       0x60 c:/program files (x86)/atmel/studio/7.0/toolchain/arm/arm-gnu-toolchain/bin/../lib/gcc/arm-none-eabi/5.3.1/../../../../arm-none-eabi/lib/armv6-m\libc_nano.a(lib_a-impure.o)
 .data._impure_ptr
                0x20000444        0x4 c:/program files (x86)/atmel/studio/7.0/toolchain/arm/arm-gnu-toolchain/bin/../lib/gcc/arm-none-eabi/5.3.1/../../../../arm-none-eabi/lib/armv6-m\libc_nano.a(lib_a-impure.o)
                0x20000444                _impure_ptr
                0x20000448                . = ALIGN (0x4)
                0x20000448                _erelocate = .

.bss            0x20000448      0x500 load address 0x00008a44
                0x20000448                . = ALIGN (0x4)
                0x20000448                _sbss = .
                0x20000448                _szero = .
 *(.bss .bss.*)
 .bss           0x20000448       0x1c c:/program files (x86)/atmel/studio/7.0/toolchain/arm/arm-gnu-toolchain/bin/../lib/gcc/arm-none-eabi/5.3.1/armv6-m/crtbegin.o
 .bss.cpu_irq_critical_section_counter
                0x20000464        0x4 src/ASF/common/utils/interrupt/interrupt_sam_nvic.o
 .bss.cpu_irq_prev_interrupt_state
                0x20000468        0x1 src/ASF/common/utils/interrupt/interrupt_sam_nvic.o
 *fill*         0x20000469        0x3 
 .bss._system_clock_inst
                0x2000046c       0x18 src/ASF/sam0/drivers/system/clock/clock_samd21_r21_da/clock.o
 .bss.heap.5286
                0x20000484        0x4 src/ASF/sam0/utils/syscalls/gcc/syscalls.o
 .bss.cmdOffset
                0x20000488        0x4 src/main.o
                0x20000488                cmdOffset
 .bss.__malloc_sbrk_start
                0x2000048c        0x4 c:/program files (x86)/atmel/studio/7.0/toolchain/arm/arm-gnu-toolchain/bin/../lib/gcc/arm-none-eabi/5.3.1/../../../../arm-none-eabi/lib/armv6-m\libc_nano.a(lib_a-nano-mallocr.o)
                0x2000048c                __malloc_sbrk_start
 .bss.__malloc_free_list
                0x20000490        0x4 c:/program files (x86)/atmel/studio/7.0/toolchain/arm/arm-gnu-toolchain/bin/../lib/gcc/arm-none-eabi/5.3.1/../../../../arm-none-eabi/lib/armv6-m\libc_nano.a(lib_a-nano-mallocr.o)
                0x20000490                __malloc_free_list
 *(COMMON)
 COMMON         0x20000494      0x4b0 src/main.o
                0x20000494                man
 COMMON         0x20000944        0x4 c:/program files (x86)/atmel/studio/7.0/toolchain/arm/arm-gnu-toolchain/bin/../lib/gcc/arm-none-eabi/5.3.1/../../../../arm-none-eabi/lib/armv6-m\libc_nano.a(lib_a-reent.o)
                0x20000944                errno
                0x20000948                . = ALIGN (0x4)
                0x20000948                _ebss = .
                0x20000948                _ezero = .

.stack          0x20000948     0x2000 load address 0x00008f44
                0x20000948                . = ALIGN (0x8)
                0x20000948                _sstack = .
                0x20002948                . = (. + STACK_SIZE)
 *fill*         0x20000948     0x2000 
                0x20002948                . = ALIGN (0x8)
                0x20002948                _estack = .
                0x20002948                . = ALIGN (0x4)
                0x20002948                _end = .
OUTPUT(ft8xx_chapter.elf elf32-littlearm)

.ARM.attributes
                0x00000000       0x28
 .ARM.attributes
                0x00000000       0x1e c:/program files (x86)/atmel/studio/7.0/toolchain/arm/arm-gnu-toolchain/bin/../lib/gcc/arm-none-eabi/5.3.1/armv6-m/crti.o
 .ARM.attributes
                0x0000001e       0x2c c:/program files (x86)/atmel/studio/7.0/toolchain/arm/arm-gnu-toolchain/bin/../lib/gcc/arm-none-eabi/5.3.1/armv6-m/crtbegin.o
 .ARM.attributes
                0x0000004a       0x32 src/FT8XX.o
 .ARM.attributes
                0x0000007c       0x32 src/FT8XX_jpeg.o
 .ARM.attributes
                0x000000ae       0x32 src/user_clock.o
 .ARM.attributes
                0x000000e0       0x32 src/user_gpio.o
 .ARM.attributes
                0x00000112       0x32 src/user_spi.o
 .ARM.attributes
                0x00000144       0x32 src/ASF/common/utils/interrupt/interrupt_sam_nvic.o
 .ARM.attributes
                0x00000176       0x32 src/ASF/sam0/drivers/system/clock/clock_samd21_r21_da/clock.o
 .ARM.attributes
                0x000001a8       0x32 src/ASF/sam0/drivers/system/clock/clock_samd21_r21_da/gclk.o
 .ARM.attributes
                0x000001da       0x32 src/ASF/sam0/utils/cmsis/samd21/source/gcc/startup_samd21.o
 .ARM.attributes
                0x0000020c       0x32 src/ASF/sam0/utils/syscalls/gcc/syscalls.o
 .ARM.attributes
                0x0000023e       0x32 src/main.o
 .ARM.attributes
                0x00000270       0x2c c:/program files (x86)/atmel/studio/7.0/toolchain/arm/arm-gnu-toolchain/bin/../lib/gcc/arm-none-eabi/5.3.1/../../../../arm-none-eabi/lib/armv6-m\libc_nano.a(lib_a-impure.o)
 .ARM.attributes
                0x0000029c       0x2c c:/program files (x86)/atmel/studio/7.0/toolchain/arm/arm-gnu-toolchain/bin/../lib/gcc/arm-none-eabi/5.3.1/../../../../arm-none-eabi/lib/armv6-m\libc_nano.a(lib_a-init.o)
 .ARM.attributes
                0x000002c8       0x2c c:/program files (x86)/atmel/studio/7.0/toolchain/arm/arm-gnu-toolchain/bin/../lib/gcc/arm-none-eabi/5.3.1/../../../../arm-none-eabi/lib/armv6-m\libc_nano.a(lib_a-rand.o)
 .ARM.attributes
                0x000002f4       0x2c c:/program files (x86)/atmel/studio/7.0/toolchain/arm/arm-gnu-toolchain/bin/../lib/gcc/arm-none-eabi/5.3.1/../../../../arm-none-eabi/lib/armv6-m\libc_nano.a(lib_a-malloc.o)
 .ARM.attributes
                0x00000320       0x2c c:/program files (x86)/atmel/studio/7.0/toolchain/arm/arm-gnu-toolchain/bin/../lib/gcc/arm-none-eabi/5.3.1/../../../../arm-none-eabi/lib/armv6-m\libc_nano.a(lib_a-nano-mallocr.o)
 .ARM.attributes
                0x0000034c       0x2c c:/program files (x86)/atmel/studio/7.0/toolchain/arm/arm-gnu-toolchain/bin/../lib/gcc/arm-none-eabi/5.3.1/../../../../arm-none-eabi/lib/armv6-m\libc_nano.a(lib_a-sbrkr.o)
 .ARM.attributes
                0x00000378       0x2c c:/program files (x86)/atmel/studio/7.0/toolchain/arm/arm-gnu-toolchain/bin/../lib/gcc/arm-none-eabi/5.3.1/../../../../arm-none-eabi/lib/armv6-m\libc_nano.a(lib_a-reent.o)
 .ARM.attributes
                0x000003a4       0x2c c:/program files (x86)/atmel/studio/7.0/toolchain/arm/arm-gnu-toolchain/bin/../lib/gcc/arm-none-eabi/5.3.1/armv6-m\libgcc.a(_muldi3.o)
 .ARM.attributes
                0x000003d0       0x1e c:/program files (x86)/atmel/studio/7.0/toolchain/arm/arm-gnu-toolchain/bin/../lib/gcc/arm-none-eabi/5.3.1/armv6-m/crtn.o

.comment        0x00000000       0x59
 .comment       0x00000000       0x59 src/FT8XX.o
                                 0x5a (size before relaxing)
 .comment       0x00000059       0x5a src/FT8XX_jpeg.o
 .comment       0x00000059       0x5a src/user_clock.o
 .comment       0x00000059       0x5a src/user_gpio.o
 .comment       0x00000059       0x5a src/user_spi.o
 .comment       0x00000059       0x5a src/ASF/common/utils/interrupt/interrupt_sam_nvic.o
 .comment       0x00000059       0x5a src/ASF/sam0/drivers/system/clock/clock_samd21_r21_da/clock.o
 .comment       0x00000059       0x5a src/ASF/sam0/drivers/system/clock/clock_samd21_r21_da/gclk.o
 .comment       0x00000059       0x5a src/ASF/sam0/utils/cmsis/samd21/source/gcc/startup_samd21.o
 .comment       0x00000059       0x5a src/ASF/sam0/utils/syscalls/gcc/syscalls.o
 .comment       0x00000059       0x5a src/main.o

.debug_info     0x00000000    0x114bb
 .debug_info    0x00000000     0x2629 src/FT8XX.o
 .debug_info    0x00002629      0x247 src/FT8XX_jpeg.o
 .debug_info    0x00002870      0x7f7 src/user_clock.o
 .debug_info    0x00003067      0x97f src/user_gpio.o
 .debug_info    0x000039e6     0x1feb src/user_spi.o
 .debug_info    0x000059d1      0x1ef src/ASF/common/utils/interrupt/interrupt_sam_nvic.o
 .debug_info    0x00005bc0     0x2c79 src/ASF/sam0/drivers/system/clock/clock_samd21_r21_da/clock.o
 .debug_info    0x00008839     0x1274 src/ASF/sam0/drivers/system/clock/clock_samd21_r21_da/gclk.o
 .debug_info    0x00009aad     0x3a85 src/ASF/sam0/utils/cmsis/samd21/source/gcc/startup_samd21.o
 .debug_info    0x0000d532      0x41a src/ASF/sam0/utils/syscalls/gcc/syscalls.o
 .debug_info    0x0000d94c     0x3b6f src/main.o

.debug_abbrev   0x00000000     0x1639
 .debug_abbrev  0x00000000      0x26d src/FT8XX.o
 .debug_abbrev  0x0000026d       0xcf src/FT8XX_jpeg.o
 .debug_abbrev  0x0000033c      0x204 src/user_clock.o
 .debug_abbrev  0x00000540      0x219 src/user_gpio.o
 .debug_abbrev  0x00000759      0x16f src/user_spi.o
 .debug_abbrev  0x000008c8       0xf8 src/ASF/common/utils/interrupt/interrupt_sam_nvic.o
 .debug_abbrev  0x000009c0      0x335 src/ASF/sam0/drivers/system/clock/clock_samd21_r21_da/clock.o
 .debug_abbrev  0x00000cf5      0x28e src/ASF/sam0/drivers/system/clock/clock_samd21_r21_da/gclk.o
 .debug_abbrev  0x00000f83      0x20a src/ASF/sam0/utils/cmsis/samd21/source/gcc/startup_samd21.o
 .debug_abbrev  0x0000118d      0x120 src/ASF/sam0/utils/syscalls/gcc/syscalls.o
 .debug_abbrev  0x000012ad      0x38c src/main.o

.debug_loc      0x00000000     0x1548
 .debug_loc     0x00000000      0x3b8 src/FT8XX.o
 .debug_loc     0x000003b8       0x70 src/FT8XX_jpeg.o
 .debug_loc     0x00000428      0x12c src/user_clock.o
 .debug_loc     0x00000554       0xe0 src/user_gpio.o
 .debug_loc     0x00000634      0x150 src/user_spi.o
 .debug_loc     0x00000784       0x64 src/ASF/common/utils/interrupt/interrupt_sam_nvic.o
 .debug_loc     0x000007e8      0x476 src/ASF/sam0/drivers/system/clock/clock_samd21_r21_da/clock.o
 .debug_loc     0x00000c5e      0x388 src/ASF/sam0/drivers/system/clock/clock_samd21_r21_da/gclk.o
 .debug_loc     0x00000fe6       0x64 src/ASF/sam0/utils/cmsis/samd21/source/gcc/startup_samd21.o
 .debug_loc     0x0000104a      0x1ec src/ASF/sam0/utils/syscalls/gcc/syscalls.o
 .debug_loc     0x00001236      0x312 src/main.o

.debug_aranges  0x00000000      0x428
 .debug_aranges
                0x00000000       0xa0 src/FT8XX.o
 .debug_aranges
                0x000000a0       0x28 src/FT8XX_jpeg.o
 .debug_aranges
                0x000000c8       0x48 src/user_clock.o
 .debug_aranges
                0x00000110       0x38 src/user_gpio.o
 .debug_aranges
                0x00000148       0x48 src/user_spi.o
 .debug_aranges
                0x00000190       0x28 src/ASF/common/utils/interrupt/interrupt_sam_nvic.o
 .debug_aranges
                0x000001b8       0xc0 src/ASF/sam0/drivers/system/clock/clock_samd21_r21_da/clock.o
 .debug_aranges
                0x00000278       0xa0 src/ASF/sam0/drivers/system/clock/clock_samd21_r21_da/gclk.o
 .debug_aranges
                0x00000318       0x28 src/ASF/sam0/utils/cmsis/samd21/source/gcc/startup_samd21.o
 .debug_aranges
                0x00000340       0x60 src/ASF/sam0/utils/syscalls/gcc/syscalls.o
 .debug_aranges
                0x000003a0       0x88 src/main.o

.debug_ranges   0x00000000      0x378
 .debug_ranges  0x00000000       0x90 src/FT8XX.o
 .debug_ranges  0x00000090       0x18 src/FT8XX_jpeg.o
 .debug_ranges  0x000000a8       0x38 src/user_clock.o
 .debug_ranges  0x000000e0       0x28 src/user_gpio.o
 .debug_ranges  0x00000108       0x38 src/user_spi.o
 .debug_ranges  0x00000140       0x18 src/ASF/common/utils/interrupt/interrupt_sam_nvic.o
 .debug_ranges  0x00000158       0xb0 src/ASF/sam0/drivers/system/clock/clock_samd21_r21_da/clock.o
 .debug_ranges  0x00000208       0x90 src/ASF/sam0/drivers/system/clock/clock_samd21_r21_da/gclk.o
 .debug_ranges  0x00000298       0x18 src/ASF/sam0/utils/cmsis/samd21/source/gcc/startup_samd21.o
 .debug_ranges  0x000002b0       0x50 src/ASF/sam0/utils/syscalls/gcc/syscalls.o
 .debug_ranges  0x00000300       0x78 src/main.o

.debug_macro    0x00000000    0x17bff
 .debug_macro   0x00000000      0x592 src/FT8XX.o
 .debug_macro   0x00000592      0x16d src/FT8XX.o
 .debug_macro   0x000006ff      0x652 src/FT8XX.o
 .debug_macro   0x00000d51       0x22 src/FT8XX.o
 .debug_macro   0x00000d73       0x87 src/FT8XX.o
 .debug_macro   0x00000dfa       0x44 src/FT8XX.o
 .debug_macro   0x00000e3e       0xfd src/FT8XX.o
 .debug_macro   0x00000f3b       0x22 src/FT8XX.o
 .debug_macro   0x00000f5d      0x1df src/FT8XX.o
 .debug_macro   0x0000113c       0x10 src/FT8XX.o
 .debug_macro   0x0000114c       0x76 src/FT8XX.o
 .debug_macro   0x000011c2       0x16 src/FT8XX.o
 .debug_macro   0x000011d8      0x6e5 src/FT8XX.o
 .debug_macro   0x000018bd      0xde2 src/FT8XX.o
 .debug_macro   0x0000269f       0x22 src/FT8XX.o
 .debug_macro   0x000026c1       0x40 src/FT8XX.o
 .debug_macro   0x00002701       0x3a src/FT8XX.o
 .debug_macro   0x0000273b       0x1f src/FT8XX.o
 .debug_macro   0x0000275a      0x250 src/FT8XX.o
 .debug_macro   0x000029aa      0x682 src/FT8XX.o
 .debug_macro   0x0000302c      0x8bf src/FT8XX.o
 .debug_macro   0x000038eb      0x235 src/FT8XX.o
 .debug_macro   0x00003b20      0xd6a src/FT8XX.o
 .debug_macro   0x0000488a      0x4ce src/FT8XX.o
 .debug_macro   0x00004d58      0x9f8 src/FT8XX.o
 .debug_macro   0x00005750      0x82b src/FT8XX.o
 .debug_macro   0x00005f7b      0x45f src/FT8XX.o
 .debug_macro   0x000063da       0x5e src/FT8XX.o
 .debug_macro   0x00006438      0x906 src/FT8XX.o
 .debug_macro   0x00006d3e      0x225 src/FT8XX.o
 .debug_macro   0x00006f63      0x963 src/FT8XX.o
 .debug_macro   0x000078c6       0x5e src/FT8XX.o
 .debug_macro   0x00007924      0x671 src/FT8XX.o
 .debug_macro   0x00007f95      0x3af src/FT8XX.o
 .debug_macro   0x00008344      0xc7f src/FT8XX.o
 .debug_macro   0x00008fc3     0x1092 src/FT8XX.o
 .debug_macro   0x0000a055      0xc4a src/FT8XX.o
 .debug_macro   0x0000ac9f      0x6bf src/FT8XX.o
 .debug_macro   0x0000b35e     0x1bc9 src/FT8XX.o
 .debug_macro   0x0000cf27     0x144a src/FT8XX.o
 .debug_macro   0x0000e371      0x34e src/FT8XX.o
 .debug_macro   0x0000e6bf       0x7c src/FT8XX.o
 .debug_macro   0x0000e73b       0xa0 src/FT8XX.o
 .debug_macro   0x0000e7db       0x4c src/FT8XX.o
 .debug_macro   0x0000e827       0xca src/FT8XX.o
 .debug_macro   0x0000e8f1       0x94 src/FT8XX.o
 .debug_macro   0x0000e985       0x58 src/FT8XX.o
 .debug_macro   0x0000e9dd      0x387 src/FT8XX.o
 .debug_macro   0x0000ed64       0x82 src/FT8XX.o
 .debug_macro   0x0000ede6      0x197 src/FT8XX.o
 .debug_macro   0x0000ef7d       0xb8 src/FT8XX.o
 .debug_macro   0x0000f035       0xa0 src/FT8XX.o
 .debug_macro   0x0000f0d5       0xb8 src/FT8XX.o
 .debug_macro   0x0000f18d       0x1c src/FT8XX.o
 .debug_macro   0x0000f1a9       0x1c src/FT8XX.o
 .debug_macro   0x0000f1c5       0x1c src/FT8XX.o
 .debug_macro   0x0000f1e1       0x82 src/FT8XX.o
 .debug_macro   0x0000f263      0x161 src/FT8XX.o
 .debug_macro   0x0000f3c4       0xdc src/FT8XX.o
 .debug_macro   0x0000f4a0      0x12f src/FT8XX.o
 .debug_macro   0x0000f5cf      0x12f src/FT8XX.o
 .debug_macro   0x0000f6fe      0x12f src/FT8XX.o
 .debug_macro   0x0000f82d      0x12f src/FT8XX.o
 .debug_macro   0x0000f95c      0x12f src/FT8XX.o
 .debug_macro   0x0000fa8b      0x12f src/FT8XX.o
 .debug_macro   0x0000fbba      0x124 src/FT8XX.o
 .debug_macro   0x0000fcde       0xe2 src/FT8XX.o
 .debug_macro   0x0000fdc0       0xe2 src/FT8XX.o
 .debug_macro   0x0000fea2       0xe2 src/FT8XX.o
 .debug_macro   0x0000ff84      0x133 src/FT8XX.o
 .debug_macro   0x000100b7      0x106 src/FT8XX.o
 .debug_macro   0x000101bd       0xfa src/FT8XX.o
 .debug_macro   0x000102b7      0x40f src/FT8XX.o
 .debug_macro   0x000106c6       0x40 src/FT8XX.o
 .debug_macro   0x00010706      0x361 src/FT8XX.o
 .debug_macro   0x00010a67     0x16ed src/FT8XX.o
 .debug_macro   0x00012154       0x6d src/FT8XX.o
 .debug_macro   0x000121c1       0x52 src/FT8XX.o
 .debug_macro   0x00012213       0x35 src/FT8XX.o
 .debug_macro   0x00012248       0x9c src/FT8XX.o
 .debug_macro   0x000122e4       0x16 src/FT8XX.o
 .debug_macro   0x000122fa       0x35 src/FT8XX.o
 .debug_macro   0x0001232f      0x330 src/FT8XX.o
 .debug_macro   0x0001265f       0x10 src/FT8XX.o
 .debug_macro   0x0001266f       0x52 src/FT8XX.o
 .debug_macro   0x000126c1       0x16 src/FT8XX.o
 .debug_macro   0x000126d7       0x43 src/FT8XX.o
 .debug_macro   0x0001271a      0x187 src/FT8XX.o
 .debug_macro   0x000128a1       0x22 src/FT8XX.o
 .debug_macro   0x000128c3       0x3a src/FT8XX.o
 .debug_macro   0x000128fd       0x10 src/FT8XX.o
 .debug_macro   0x0001290d       0x40 src/FT8XX.o
 .debug_macro   0x0001294d       0x6c src/FT8XX.o
 .debug_macro   0x000129b9       0x16 src/FT8XX.o
 .debug_macro   0x000129cf      0x182 src/FT8XX.o
 .debug_macro   0x00012b51       0x16 src/FT8XX.o
 .debug_macro   0x00012b67       0x16 src/FT8XX.o
 .debug_macro   0x00012b7d       0x29 src/FT8XX.o
 .debug_macro   0x00012ba6       0x51 src/FT8XX.o
 .debug_macro   0x00012bf7       0x3f src/FT8XX.o
 .debug_macro   0x00012c36      0x3df src/FT8XX.o
 .debug_macro   0x00013015      0x2bf src/FT8XX.o
 .debug_macro   0x000132d4       0x11 src/FT8XX.o
 .debug_macro   0x000132e5       0x18 src/FT8XX.o
 .debug_macro   0x000132fd       0x2e src/FT8XX.o
 .debug_macro   0x0001332b      0x80f src/FT8XX.o
 .debug_macro   0x00013b3a      0x9ff src/FT8XX.o
 .debug_macro   0x00014539      0x10c src/FT8XX.o
 .debug_macro   0x00014645       0x64 src/FT8XX.o
 .debug_macro   0x000146a9      0x585 src/FT8XX_jpeg.o
 .debug_macro   0x00014c2e      0x57c src/user_clock.o
 .debug_macro   0x000151aa       0x70 src/user_clock.o
 .debug_macro   0x0001521a      0x423 src/user_gpio.o
 .debug_macro   0x0001563d       0x3a src/user_gpio.o
 .debug_macro   0x00015677       0x97 src/user_gpio.o
 .debug_macro   0x0001570e       0xf6 src/user_gpio.o
 .debug_macro   0x00015804      0x2ed src/user_spi.o
 .debug_macro   0x00015af1      0x4d3 src/ASF/common/utils/interrupt/interrupt_sam_nvic.o
 .debug_macro   0x00015fc4      0x545 src/ASF/sam0/drivers/system/clock/clock_samd21_r21_da/clock.o
 .debug_macro   0x00016509      0x29d src/ASF/sam0/drivers/system/clock/clock_samd21_r21_da/clock.o
 .debug_macro   0x000167a6      0x509 src/ASF/sam0/drivers/system/clock/clock_samd21_r21_da/gclk.o
 .debug_macro   0x00016caf      0x2e5 src/ASF/sam0/utils/cmsis/samd21/source/gcc/startup_samd21.o
 .debug_macro   0x00016f94      0x19c src/ASF/sam0/utils/syscalls/gcc/syscalls.o
 .debug_macro   0x00017130       0x4c src/ASF/sam0/utils/syscalls/gcc/syscalls.o
 .debug_macro   0x0001717c       0x8d src/ASF/sam0/utils/syscalls/gcc/syscalls.o
 .debug_macro   0x00017209       0x4a src/ASF/sam0/utils/syscalls/gcc/syscalls.o
 .debug_macro   0x00017253       0x52 src/ASF/sam0/utils/syscalls/gcc/syscalls.o
 .debug_macro   0x000172a5       0x16 src/ASF/sam0/utils/syscalls/gcc/syscalls.o
 .debug_macro   0x000172bb       0x10 src/ASF/sam0/utils/syscalls/gcc/syscalls.o
 .debug_macro   0x000172cb       0x41 src/ASF/sam0/utils/syscalls/gcc/syscalls.o
 .debug_macro   0x0001730c      0x122 src/ASF/sam0/utils/syscalls/gcc/syscalls.o
 .debug_macro   0x0001742e      0x5f0 src/main.o
 .debug_macro   0x00017a1e      0x1e1 src/main.o

.debug_line     0x00000000     0x6b15
 .debug_line    0x00000000      0xd29 src/FT8XX.o
 .debug_line    0x00000d29      0xb7f src/FT8XX_jpeg.o
 .debug_line    0x000018a8      0xb9b src/user_clock.o
 .debug_line    0x00002443      0x7a6 src/user_gpio.o
 .debug_line    0x00002be9      0x66b src/user_spi.o
 .debug_line    0x00003254      0x89b src/ASF/common/utils/interrupt/interrupt_sam_nvic.o
 .debug_line    0x00003aef      0xc78 src/ASF/sam0/drivers/system/clock/clock_samd21_r21_da/clock.o
 .debug_line    0x00004767      0xb6e src/ASF/sam0/drivers/system/clock/clock_samd21_r21_da/gclk.o
 .debug_line    0x000052d5      0x650 src/ASF/sam0/utils/cmsis/samd21/source/gcc/startup_samd21.o
 .debug_line    0x00005925      0x3d8 src/ASF/sam0/utils/syscalls/gcc/syscalls.o
 .debug_line    0x00005cfd      0xe18 src/main.o

.debug_str      0x00000000    0x8a8d0
 .debug_str     0x00000000    0x84a5c src/FT8XX.o
                              0x85346 (size before relaxing)
 .debug_str     0x00084a5c       0x45 src/FT8XX_jpeg.o
                              0x8492d (size before relaxing)
 .debug_str     0x00084aa1      0x899 src/user_clock.o
                              0x830e6 (size before relaxing)
 .debug_str     0x0008533a      0x24d src/user_gpio.o
                              0x709d2 (size before relaxing)
 .debug_str     0x00085587       0xa6 src/user_spi.o
                              0x6abe7 (size before relaxing)
 .debug_str     0x0008562d       0x9b src/ASF/common/utils/interrupt/interrupt_sam_nvic.o
                              0x7e88a (size before relaxing)
 .debug_str     0x000856c8     0x2d45 src/ASF/sam0/drivers/system/clock/clock_samd21_r21_da/clock.o
                              0x81976 (size before relaxing)
 .debug_str     0x0008840d      0x204 src/ASF/sam0/drivers/system/clock/clock_samd21_r21_da/gclk.o
                              0x7f500 (size before relaxing)
 .debug_str     0x00088611      0xf01 src/ASF/sam0/utils/cmsis/samd21/source/gcc/startup_samd21.o
                              0x6b014 (size before relaxing)
 .debug_str     0x00089512      0x74d src/ASF/sam0/utils/syscalls/gcc/syscalls.o
                               0x6818 (size before relaxing)
 .debug_str     0x00089c5f      0xc71 src/main.o
                              0x86ccb (size before relaxing)

.debug_frame    0x00000000      0xe8c
 .debug_frame   0x00000000      0x230 src/FT8XX.o
 .debug_frame   0x00000230       0x58 src/FT8XX_jpeg.o
 .debug_frame   0x00000288       0xc4 src/user_clock.o
 .debug_frame   0x0000034c       0x90 src/user_gpio.o
 .debug_frame   0x000003dc       0xd0 src/user_spi.o
 .debug_frame   0x000004ac       0x4c src/ASF/common/utils/interrupt/interrupt_sam_nvic.o
 .debug_frame   0x000004f8      0x2a4 src/ASF/sam0/drivers/system/clock/clock_samd21_r21_da/clock.o
 .debug_frame   0x0000079c      0x220 src/ASF/sam0/drivers/system/clock/clock_samd21_r21_da/gclk.o
 .debug_frame   0x000009bc       0x4c src/ASF/sam0/utils/cmsis/samd21/source/gcc/startup_samd21.o
 .debug_frame   0x00000a08      0x12c src/ASF/sam0/utils/syscalls/gcc/syscalls.o
 .debug_frame   0x00000b34      0x1d4 src/main.o
 .debug_frame   0x00000d08       0x2c c:/program files (x86)/atmel/studio/7.0/toolchain/arm/arm-gnu-toolchain/bin/../lib/gcc/arm-none-eabi/5.3.1/../../../../arm-none-eabi/lib/armv6-m\libc_nano.a(lib_a-init.o)
 .debug_frame   0x00000d34       0x44 c:/program files (x86)/atmel/studio/7.0/toolchain/arm/arm-gnu-toolchain/bin/../lib/gcc/arm-none-eabi/5.3.1/../../../../arm-none-eabi/lib/armv6-m\libc_nano.a(lib_a-rand.o)
 .debug_frame   0x00000d78       0x40 c:/program files (x86)/atmel/studio/7.0/toolchain/arm/arm-gnu-toolchain/bin/../lib/gcc/arm-none-eabi/5.3.1/../../../../arm-none-eabi/lib/armv6-m\libc_nano.a(lib_a-malloc.o)
 .debug_frame   0x00000db8       0x2c c:/program files (x86)/atmel/studio/7.0/toolchain/arm/arm-gnu-toolchain/bin/../lib/gcc/arm-none-eabi/5.3.1/../../../../arm-none-eabi/lib/armv6-m\libc_nano.a(lib_a-nano-mallocr.o)
 .debug_frame   0x00000de4       0x2c c:/program files (x86)/atmel/studio/7.0/toolchain/arm/arm-gnu-toolchain/bin/../lib/gcc/arm-none-eabi/5.3.1/../../../../arm-none-eabi/lib/armv6-m\libc_nano.a(lib_a-sbrkr.o)
 .debug_frame   0x00000e10       0x48 c:/program files (x86)/atmel/studio/7.0/toolchain/arm/arm-gnu-toolchain/bin/../lib/gcc/arm-none-eabi/5.3.1/../../../../arm-none-eabi/lib/armv6-m\libc_nano.a(lib_a-reent.o)
 .debug_frame   0x00000e58       0x34 c:/program files (x86)/atmel/studio/7.0/toolchain/arm/arm-gnu-toolchain/bin/../lib/gcc/arm-none-eabi/5.3.1/armv6-m\libgcc.a(_muldi3.o)

Cross Reference Table

Symbol                                            File
AC_Handler                                        src/ASF/sam0/utils/cmsis/samd21/source/gcc/startup_samd21.o
ADC_Handler                                       src/ASF/sam0/utils/cmsis/samd21/source/gcc/startup_samd21.o
AnimetionAlloc                                    src/main.o
AnimetionFree                                     src/main.o
AnimetionImageinit                                src/main.o
AnimetionTaskDriver                               src/main.o
AnimetionTrans                                    src/main.o
Boxfill_Burst                                     src/FT8XX.o
ClockInitTest                                     src/main.o
DAC_Handler                                       src/ASF/sam0/utils/cmsis/samd21/source/gcc/startup_samd21.o
DMAC_Handler                                      src/ASF/sam0/utils/cmsis/samd21/source/gcc/startup_samd21.o
Dummy_Handler                                     src/ASF/sam0/utils/cmsis/samd21/source/gcc/startup_samd21.o
EIC_Handler                                       src/ASF/sam0/utils/cmsis/samd21/source/gcc/startup_samd21.o
EVSYS_Handler                                     src/ASF/sam0/utils/cmsis/samd21/source/gcc/startup_samd21.o
GClkGenInit                                       src/user_clock.o
GclkCtrlTbl                                       src/user_clock.o
GpioBitIn                                         src/user_gpio.o
GpioBitOut                                        src/user_gpio.o
                                                  src/FT8XX.o
GpioPortInit                                      src/user_gpio.o
                                                  src/main.o
HardFault_Handler                                 src/ASF/sam0/utils/cmsis/samd21/source/gcc/startup_samd21.o
HostCommand                                       src/FT8XX.o
                                                  src/main.o
HostMemReadByte                                   src/FT8XX.o
HostMemReadDoubleDWord                            src/FT8XX.o
HostMemReadWord                                   src/FT8XX.o
                                                  src/main.o
                                                  src/FT8XX_jpeg.o
HostMemWriteByte                                  src/FT8XX.o
                                                  src/main.o
HostMemWriteDoubleWord                            src/FT8XX.o
                                                  src/main.o
                                                  src/FT8XX_jpeg.o
HostMemWriteWord                                  src/FT8XX.o
                                                  src/main.o
                                                  src/FT8XX_jpeg.o
HostMemWrite_Burst                                src/FT8XX.o
I2S_Handler                                       src/ASF/sam0/utils/cmsis/samd21/source/gcc/startup_samd21.o
InflateLoad                                       src/FT8XX_jpeg.o
                                                  src/main.o
JpegLoad                                          src/FT8XX_jpeg.o
ModuleClkInit                                     src/user_clock.o
ModuleClkTbl                                      src/user_clock.o
NMI_Handler                                       src/ASF/sam0/utils/cmsis/samd21/source/gcc/startup_samd21.o
NVMCTRL_Handler                                   src/ASF/sam0/utils/cmsis/samd21/source/gcc/startup_samd21.o
PL1E                                              src/main.o
PL1N                                              src/main.o
PL1S                                              src/main.o
PL1W                                              src/main.o
PL2E                                              src/main.o
PL2N                                              src/main.o
PL2S                                              src/main.o
PL2W                                              src/main.o
PL3E                                              src/main.o
PL3N                                              src/main.o
PL3S                                              src/main.o
PL3W                                              src/main.o
PL4E                                              src/main.o
PL4N                                              src/main.o
PL4S                                              src/main.o
PL4W                                              src/main.o
PM_Handler                                        src/ASF/sam0/utils/cmsis/samd21/source/gcc/startup_samd21.o
PTC_Handler                                       src/ASF/sam0/utils/cmsis/samd21/source/gcc/startup_samd21.o
PendSV_Handler                                    src/ASF/sam0/utils/cmsis/samd21/source/gcc/startup_samd21.o
Player1_E                                         src/main.o
Player1_N                                         src/main.o
Player1_S                                         src/main.o
Player1_W                                         src/main.o
Player2_E                                         src/main.o
Player2_N                                         src/main.o
Player2_S                                         src/main.o
Player2_W                                         src/main.o
Player3_E                                         src/main.o
Player3_N                                         src/main.o
Player3_S                                         src/main.o
Player3_W                                         src/main.o
Player4_E                                         src/main.o
Player4_N                                         src/main.o
Player4_S                                         src/main.o
Player4_W                                         src/main.o
RTC_Handler                                       src/ASF/sam0/utils/cmsis/samd21/source/gcc/startup_samd21.o
Reset_Handler                                     src/ASF/sam0/utils/cmsis/samd21/source/gcc/startup_samd21.o
SERCOM0_Handler                                   src/ASF/sam0/utils/cmsis/samd21/source/gcc/startup_samd21.o
SERCOM1_Handler                                   src/ASF/sam0/utils/cmsis/samd21/source/gcc/startup_samd21.o
SERCOM2_Handler                                   src/ASF/sam0/utils/cmsis/samd21/source/gcc/startup_samd21.o
SERCOM3_Handler                                   src/ASF/sam0/utils/cmsis/samd21/source/gcc/startup_samd21.o
SERCOM4_Handler                                   src/ASF/sam0/utils/cmsis/samd21/source/gcc/startup_samd21.o
SERCOM5_Handler                                   src/ASF/sam0/utils/cmsis/samd21/source/gcc/startup_samd21.o
SVC_Handler                                       src/ASF/sam0/utils/cmsis/samd21/source/gcc/startup_samd21.o
SYSCTRL_Handler                                   src/ASF/sam0/utils/cmsis/samd21/source/gcc/startup_samd21.o
SampleSprite                                      src/main.o
SercomSPI_Disable                                 src/user_spi.o
SercomSPI_Enable                                  src/user_spi.o
                                                  src/main.o
SercomSPI_Init                                    src/user_spi.o
                                                  src/main.o
SercomSPI_TransByte                               src/user_spi.o
                                                  src/FT8XX.o
SercomSPI_UnitReady                               src/user_spi.o
SercomSPI_WriteComplete                           src/user_spi.o
SysTick_Handler                                   src/ASF/sam0/utils/cmsis/samd21/source/gcc/startup_samd21.o
SystemCoreClock                                   src/ASF/sam0/utils/cmsis/samd21/source/system_samd21.o
SystemCoreClockUpdate                             src/ASF/sam0/utils/cmsis/samd21/source/system_samd21.o
SystemInit                                        src/ASF/sam0/utils/cmsis/samd21/source/system_samd21.o
TC3_Handler                                       src/ASF/sam0/utils/cmsis/samd21/source/gcc/startup_samd21.o
TC4_Handler                                       src/ASF/sam0/utils/cmsis/samd21/source/gcc/startup_samd21.o
TC5_Handler                                       src/ASF/sam0/utils/cmsis/samd21/source/gcc/startup_samd21.o
TCC0_Handler                                      src/ASF/sam0/utils/cmsis/samd21/source/gcc/startup_samd21.o
TCC1_Handler                                      src/ASF/sam0/utils/cmsis/samd21/source/gcc/startup_samd21.o
TCC2_Handler                                      src/ASF/sam0/utils/cmsis/samd21/source/gcc/startup_samd21.o
TransByte                                         src/FT8XX.o
USB_Handler                                       src/ASF/sam0/utils/cmsis/samd21/source/gcc/startup_samd21.o
UserClockInit                                     src/user_clock.o
                                                  src/main.o
UserWait                                          src/main.o
WDT_Handler                                       src/ASF/sam0/utils/cmsis/samd21/source/gcc/startup_samd21.o
WaitCmdfifo_empty                                 src/FT8XX.o
WrCmdBuf                                          src/FT8XX.o
                                                  src/FT8XX_jpeg.o
_Jv_RegisterClasses                               c:/program files (x86)/atmel/studio/7.0/toolchain/arm/arm-gnu-toolchain/bin/../lib/gcc/arm-none-eabi/5.3.1/armv6-m/crtbegin.o
__aeabi_idiv0                                     c:/program files (x86)/atmel/studio/7.0/toolchain/arm/arm-gnu-toolchain/bin/../lib/gcc/arm-none-eabi/5.3.1/armv6-m\libgcc.a(_dvmd_tls.o)
                                                  c:/program files (x86)/atmel/studio/7.0/toolchain/arm/arm-gnu-toolchain/bin/../lib/gcc/arm-none-eabi/5.3.1/armv6-m\libgcc.a(_udivsi3.o)
__aeabi_ldiv0                                     c:/program files (x86)/atmel/studio/7.0/toolchain/arm/arm-gnu-toolchain/bin/../lib/gcc/arm-none-eabi/5.3.1/armv6-m\libgcc.a(_dvmd_tls.o)
__aeabi_lmul                                      c:/program files (x86)/atmel/studio/7.0/toolchain/arm/arm-gnu-toolchain/bin/../lib/gcc/arm-none-eabi/5.3.1/armv6-m\libgcc.a(_muldi3.o)
                                                  c:/program files (x86)/atmel/studio/7.0/toolchain/arm/arm-gnu-toolchain/bin/../lib/gcc/arm-none-eabi/5.3.1/../../../../arm-none-eabi/lib/armv6-m\libc_nano.a(lib_a-rand.o)
__aeabi_uidiv                                     c:/program files (x86)/atmel/studio/7.0/toolchain/arm/arm-gnu-toolchain/bin/../lib/gcc/arm-none-eabi/5.3.1/armv6-m\libgcc.a(_udivsi3.o)
                                                  src/ASF/sam0/drivers/system/clock/clock_samd21_r21_da/gclk.o
                                                  src/ASF/sam0/drivers/system/clock/clock_samd21_r21_da/clock.o
__aeabi_uidivmod                                  c:/program files (x86)/atmel/studio/7.0/toolchain/arm/arm-gnu-toolchain/bin/../lib/gcc/arm-none-eabi/5.3.1/armv6-m\libgcc.a(_udivsi3.o)
__bss_end__                                       c:/program files (x86)/atmel/studio/7.0/toolchain/arm/arm-gnu-toolchain/bin/../lib/gcc/arm-none-eabi/5.3.1/../../../../arm-none-eabi/lib/armv6-m/crt0.o
__bss_start__                                     c:/program files (x86)/atmel/studio/7.0/toolchain/arm/arm-gnu-toolchain/bin/../lib/gcc/arm-none-eabi/5.3.1/../../../../arm-none-eabi/lib/armv6-m/crt0.o
__call_exitprocs                                  c:/program files (x86)/atmel/studio/7.0/toolchain/arm/arm-gnu-toolchain/bin/../lib/gcc/arm-none-eabi/5.3.1/../../../../arm-none-eabi/lib/armv6-m\libc_nano.a(lib_a-exit.o)
__deregister_frame_info                           c:/program files (x86)/atmel/studio/7.0/toolchain/arm/arm-gnu-toolchain/bin/../lib/gcc/arm-none-eabi/5.3.1/armv6-m/crtbegin.o
__dso_handle                                      c:/program files (x86)/atmel/studio/7.0/toolchain/arm/arm-gnu-toolchain/bin/../lib/gcc/arm-none-eabi/5.3.1/armv6-m/crtbegin.o
__init_array_end                                  c:/program files (x86)/atmel/studio/7.0/toolchain/arm/arm-gnu-toolchain/bin/../lib/gcc/arm-none-eabi/5.3.1/../../../../arm-none-eabi/lib/armv6-m\libc_nano.a(lib_a-init.o)
__init_array_start                                c:/program files (x86)/atmel/studio/7.0/toolchain/arm/arm-gnu-toolchain/bin/../lib/gcc/arm-none-eabi/5.3.1/../../../../arm-none-eabi/lib/armv6-m\libc_nano.a(lib_a-init.o)
__libc_fini_array                                 c:/program files (x86)/atmel/studio/7.0/toolchain/arm/arm-gnu-toolchain/bin/../lib/gcc/arm-none-eabi/5.3.1/../../../../arm-none-eabi/lib/armv6-m/crt0.o
__libc_init_array                                 c:/program files (x86)/atmel/studio/7.0/toolchain/arm/arm-gnu-toolchain/bin/../lib/gcc/arm-none-eabi/5.3.1/../../../../arm-none-eabi/lib/armv6-m\libc_nano.a(lib_a-init.o)
                                                  src/ASF/sam0/utils/cmsis/samd21/source/gcc/startup_samd21.o
                                                  c:/program files (x86)/atmel/studio/7.0/toolchain/arm/arm-gnu-toolchain/bin/../lib/gcc/arm-none-eabi/5.3.1/../../../../arm-none-eabi/lib/armv6-m/crt0.o
__malloc_free_list                                c:/program files (x86)/atmel/studio/7.0/toolchain/arm/arm-gnu-toolchain/bin/../lib/gcc/arm-none-eabi/5.3.1/../../../../arm-none-eabi/lib/armv6-m\libc_nano.a(lib_a-nano-mallocr.o)
                                                  c:/program files (x86)/atmel/studio/7.0/toolchain/arm/arm-gnu-toolchain/bin/../lib/gcc/arm-none-eabi/5.3.1/../../../../arm-none-eabi/lib/armv6-m\libc_nano.a(lib_a-nano-freer.o)
__malloc_sbrk_start                               c:/program files (x86)/atmel/studio/7.0/toolchain/arm/arm-gnu-toolchain/bin/../lib/gcc/arm-none-eabi/5.3.1/../../../../arm-none-eabi/lib/armv6-m\libc_nano.a(lib_a-nano-mallocr.o)
__muldi3                                          c:/program files (x86)/atmel/studio/7.0/toolchain/arm/arm-gnu-toolchain/bin/../lib/gcc/arm-none-eabi/5.3.1/armv6-m\libgcc.a(_muldi3.o)
__preinit_array_end                               c:/program files (x86)/atmel/studio/7.0/toolchain/arm/arm-gnu-toolchain/bin/../lib/gcc/arm-none-eabi/5.3.1/../../../../arm-none-eabi/lib/armv6-m\libc_nano.a(lib_a-init.o)
__preinit_array_start                             c:/program files (x86)/atmel/studio/7.0/toolchain/arm/arm-gnu-toolchain/bin/../lib/gcc/arm-none-eabi/5.3.1/../../../../arm-none-eabi/lib/armv6-m\libc_nano.a(lib_a-init.o)
__register_frame_info                             c:/program files (x86)/atmel/studio/7.0/toolchain/arm/arm-gnu-toolchain/bin/../lib/gcc/arm-none-eabi/5.3.1/armv6-m/crtbegin.o
__sf_fake_stderr                                  c:/program files (x86)/atmel/studio/7.0/toolchain/arm/arm-gnu-toolchain/bin/../lib/gcc/arm-none-eabi/5.3.1/../../../../arm-none-eabi/lib/armv6-m\libc_nano.a(lib_a-impure.o)
__sf_fake_stdin                                   c:/program files (x86)/atmel/studio/7.0/toolchain/arm/arm-gnu-toolchain/bin/../lib/gcc/arm-none-eabi/5.3.1/../../../../arm-none-eabi/lib/armv6-m\libc_nano.a(lib_a-impure.o)
__sf_fake_stdout                                  c:/program files (x86)/atmel/studio/7.0/toolchain/arm/arm-gnu-toolchain/bin/../lib/gcc/arm-none-eabi/5.3.1/../../../../arm-none-eabi/lib/armv6-m\libc_nano.a(lib_a-impure.o)
__stack                                           c:/program files (x86)/atmel/studio/7.0/toolchain/arm/arm-gnu-toolchain/bin/../lib/gcc/arm-none-eabi/5.3.1/../../../../arm-none-eabi/lib/armv6-m/crt0.o
__udivsi3                                         c:/program files (x86)/atmel/studio/7.0/toolchain/arm/arm-gnu-toolchain/bin/../lib/gcc/arm-none-eabi/5.3.1/armv6-m\libgcc.a(_udivsi3.o)
_close                                            src/ASF/sam0/utils/syscalls/gcc/syscalls.o
_end                                              src/ASF/sam0/utils/syscalls/gcc/syscalls.o
_erelocate                                        src/ASF/sam0/utils/cmsis/samd21/source/gcc/startup_samd21.o
_estack                                           src/ASF/sam0/utils/cmsis/samd21/source/gcc/startup_samd21.o
_etext                                            src/ASF/sam0/utils/cmsis/samd21/source/gcc/startup_samd21.o
_exit                                             src/ASF/sam0/utils/syscalls/gcc/syscalls.o
                                                  c:/program files (x86)/atmel/studio/7.0/toolchain/arm/arm-gnu-toolchain/bin/../lib/gcc/arm-none-eabi/5.3.1/../../../../arm-none-eabi/lib/armv6-m\libc_nano.a(lib_a-exit.o)
_ezero                                            src/ASF/sam0/utils/cmsis/samd21/source/gcc/startup_samd21.o
_fini                                             c:/program files (x86)/atmel/studio/7.0/toolchain/arm/arm-gnu-toolchain/bin/../lib/gcc/arm-none-eabi/5.3.1/armv6-m/crti.o
_free_r                                           c:/program files (x86)/atmel/studio/7.0/toolchain/arm/arm-gnu-toolchain/bin/../lib/gcc/arm-none-eabi/5.3.1/../../../../arm-none-eabi/lib/armv6-m\libc_nano.a(lib_a-nano-freer.o)
                                                  c:/program files (x86)/atmel/studio/7.0/toolchain/arm/arm-gnu-toolchain/bin/../lib/gcc/arm-none-eabi/5.3.1/../../../../arm-none-eabi/lib/armv6-m\libc_nano.a(lib_a-reent.o)
                                                  c:/program files (x86)/atmel/studio/7.0/toolchain/arm/arm-gnu-toolchain/bin/../lib/gcc/arm-none-eabi/5.3.1/../../../../arm-none-eabi/lib/armv6-m\libc_nano.a(lib_a-malloc.o)
_fstat                                            src/ASF/sam0/utils/syscalls/gcc/syscalls.o
_getpid                                           src/ASF/sam0/utils/syscalls/gcc/syscalls.o
_global_impure_ptr                                c:/program files (x86)/atmel/studio/7.0/toolchain/arm/arm-gnu-toolchain/bin/../lib/gcc/arm-none-eabi/5.3.1/../../../../arm-none-eabi/lib/armv6-m\libc_nano.a(lib_a-impure.o)
                                                  c:/program files (x86)/atmel/studio/7.0/toolchain/arm/arm-gnu-toolchain/bin/../lib/gcc/arm-none-eabi/5.3.1/../../../../arm-none-eabi/lib/armv6-m\libc_nano.a(lib_a-exit.o)
_impure_ptr                                       c:/program files (x86)/atmel/studio/7.0/toolchain/arm/arm-gnu-toolchain/bin/../lib/gcc/arm-none-eabi/5.3.1/../../../../arm-none-eabi/lib/armv6-m\libc_nano.a(lib_a-impure.o)
                                                  c:/program files (x86)/atmel/studio/7.0/toolchain/arm/arm-gnu-toolchain/bin/../lib/gcc/arm-none-eabi/5.3.1/../../../../arm-none-eabi/lib/armv6-m\libc_nano.a(lib_a-reent.o)
                                                  c:/program files (x86)/atmel/studio/7.0/toolchain/arm/arm-gnu-toolchain/bin/../lib/gcc/arm-none-eabi/5.3.1/../../../../arm-none-eabi/lib/armv6-m\libc_nano.a(lib_a-malloc.o)
                                                  c:/program files (x86)/atmel/studio/7.0/toolchain/arm/arm-gnu-toolchain/bin/../lib/gcc/arm-none-eabi/5.3.1/../../../../arm-none-eabi/lib/armv6-m\libc_nano.a(lib_a-rand.o)
_init                                             c:/program files (x86)/atmel/studio/7.0/toolchain/arm/arm-gnu-toolchain/bin/../lib/gcc/arm-none-eabi/5.3.1/armv6-m/crti.o
                                                  c:/program files (x86)/atmel/studio/7.0/toolchain/arm/arm-gnu-toolchain/bin/../lib/gcc/arm-none-eabi/5.3.1/../../../../arm-none-eabi/lib/armv6-m\libc_nano.a(lib_a-init.o)
_isatty                                           src/ASF/sam0/utils/syscalls/gcc/syscalls.o
_kill                                             src/ASF/sam0/utils/syscalls/gcc/syscalls.o
_lseek                                            src/ASF/sam0/utils/syscalls/gcc/syscalls.o
_mainCRTStartup                                   c:/program files (x86)/atmel/studio/7.0/toolchain/arm/arm-gnu-toolchain/bin/../lib/gcc/arm-none-eabi/5.3.1/../../../../arm-none-eabi/lib/armv6-m/crt0.o
_malloc_r                                         c:/program files (x86)/atmel/studio/7.0/toolchain/arm/arm-gnu-toolchain/bin/../lib/gcc/arm-none-eabi/5.3.1/../../../../arm-none-eabi/lib/armv6-m\libc_nano.a(lib_a-nano-mallocr.o)
                                                  c:/program files (x86)/atmel/studio/7.0/toolchain/arm/arm-gnu-toolchain/bin/../lib/gcc/arm-none-eabi/5.3.1/../../../../arm-none-eabi/lib/armv6-m\libc_nano.a(lib_a-malloc.o)
_reclaim_reent                                    c:/program files (x86)/atmel/studio/7.0/toolchain/arm/arm-gnu-toolchain/bin/../lib/gcc/arm-none-eabi/5.3.1/../../../../arm-none-eabi/lib/armv6-m\libc_nano.a(lib_a-reent.o)
_sbrk                                             src/ASF/sam0/utils/syscalls/gcc/syscalls.o
                                                  c:/program files (x86)/atmel/studio/7.0/toolchain/arm/arm-gnu-toolchain/bin/../lib/gcc/arm-none-eabi/5.3.1/../../../../arm-none-eabi/lib/armv6-m\libc_nano.a(lib_a-sbrkr.o)
_sbrk_r                                           c:/program files (x86)/atmel/studio/7.0/toolchain/arm/arm-gnu-toolchain/bin/../lib/gcc/arm-none-eabi/5.3.1/../../../../arm-none-eabi/lib/armv6-m\libc_nano.a(lib_a-sbrkr.o)
                                                  c:/program files (x86)/atmel/studio/7.0/toolchain/arm/arm-gnu-toolchain/bin/../lib/gcc/arm-none-eabi/5.3.1/../../../../arm-none-eabi/lib/armv6-m\libc_nano.a(lib_a-nano-mallocr.o)
_sfixed                                           src/ASF/sam0/utils/cmsis/samd21/source/gcc/startup_samd21.o
_srelocate                                        src/ASF/sam0/utils/cmsis/samd21/source/gcc/startup_samd21.o
_start                                            c:/program files (x86)/atmel/studio/7.0/toolchain/arm/arm-gnu-toolchain/bin/../lib/gcc/arm-none-eabi/5.3.1/../../../../arm-none-eabi/lib/armv6-m/crt0.o
_system_divas_init                                src/ASF/sam0/drivers/system/system.o
_system_dummy_init                                src/ASF/sam0/drivers/system/system.o
_system_events_init                               src/ASF/sam0/drivers/system/system.o
_system_extint_init                               src/ASF/sam0/drivers/system/system.o
_szero                                            src/ASF/sam0/utils/cmsis/samd21/source/gcc/startup_samd21.o
atexit                                            c:/program files (x86)/atmel/studio/7.0/toolchain/arm/arm-gnu-toolchain/bin/../lib/gcc/arm-none-eabi/5.3.1/../../../../arm-none-eabi/lib/armv6-m/crt0.o
board_init                                        src/ASF/common2/boards/user_board/init.o
burst                                             src/FT8XX.o
cleanup_glue                                      c:/program files (x86)/atmel/studio/7.0/toolchain/arm/arm-gnu-toolchain/bin/../lib/gcc/arm-none-eabi/5.3.1/../../../../arm-none-eabi/lib/armv6-m\libc_nano.a(lib_a-reent.o)
cmdOffset                                         src/main.o
configure_dfll_open_loop                          src/main.o
cpu_irq_enter_critical                            src/ASF/common/utils/interrupt/interrupt_sam_nvic.o
                                                  src/ASF/sam0/drivers/system/clock/clock_samd21_r21_da/gclk.o
                                                  src/user_clock.o
cpu_irq_leave_critical                            src/ASF/common/utils/interrupt/interrupt_sam_nvic.o
                                                  src/ASF/sam0/drivers/system/clock/clock_samd21_r21_da/gclk.o
                                                  src/user_clock.o
errno                                             c:/program files (x86)/atmel/studio/7.0/toolchain/arm/arm-gnu-toolchain/bin/../lib/gcc/arm-none-eabi/5.3.1/../../../../arm-none-eabi/lib/armv6-m\libc_nano.a(lib_a-reent.o)
                                                  c:/program files (x86)/atmel/studio/7.0/toolchain/arm/arm-gnu-toolchain/bin/../lib/gcc/arm-none-eabi/5.3.1/../../../../arm-none-eabi/lib/armv6-m\libc_nano.a(lib_a-sbrkr.o)
exception_table                                   src/ASF/sam0/utils/cmsis/samd21/source/gcc/startup_samd21.o
exit                                              c:/program files (x86)/atmel/studio/7.0/toolchain/arm/arm-gnu-toolchain/bin/../lib/gcc/arm-none-eabi/5.3.1/../../../../arm-none-eabi/lib/armv6-m\libc_nano.a(lib_a-exit.o)
                                                  c:/program files (x86)/atmel/studio/7.0/toolchain/arm/arm-gnu-toolchain/bin/../lib/gcc/arm-none-eabi/5.3.1/../../../../arm-none-eabi/lib/armv6-m/crt0.o
flog_16bit_96x96                                  src/export_flog_bmp.o
free                                              c:/program files (x86)/atmel/studio/7.0/toolchain/arm/arm-gnu-toolchain/bin/../lib/gcc/arm-none-eabi/5.3.1/../../../../arm-none-eabi/lib/armv6-m\libc_nano.a(lib_a-malloc.o)
g_interrupt_enabled                               src/ASF/common/utils/interrupt/interrupt_sam_nvic.o
gear2_jpg_480_272                                 src/gear2_jpg.o
hardware_init_hook                                c:/program files (x86)/atmel/studio/7.0/toolchain/arm/arm-gnu-toolchain/bin/../lib/gcc/arm-none-eabi/5.3.1/../../../../arm-none-eabi/lib/armv6-m/crt0.o
incCMDOffset                                      src/FT8XX.o
                                                  src/main.o
                                                  src/FT8XX_jpeg.o
link                                              src/ASF/sam0/utils/syscalls/gcc/syscalls.o
main                                              src/main.o
                                                  src/ASF/sam0/utils/cmsis/samd21/source/gcc/startup_samd21.o
                                                  c:/program files (x86)/atmel/studio/7.0/toolchain/arm/arm-gnu-toolchain/bin/../lib/gcc/arm-none-eabi/5.3.1/../../../../arm-none-eabi/lib/armv6-m/crt0.o
malloc                                            c:/program files (x86)/atmel/studio/7.0/toolchain/arm/arm-gnu-toolchain/bin/../lib/gcc/arm-none-eabi/5.3.1/../../../../arm-none-eabi/lib/armv6-m\libc_nano.a(lib_a-malloc.o)
                                                  c:/program files (x86)/atmel/studio/7.0/toolchain/arm/arm-gnu-toolchain/bin/../lib/gcc/arm-none-eabi/5.3.1/../../../../arm-none-eabi/lib/armv6-m\libc_nano.a(lib_a-rand.o)
man                                               src/main.o
memset                                            c:/program files (x86)/atmel/studio/7.0/toolchain/arm/arm-gnu-toolchain/bin/../lib/gcc/arm-none-eabi/5.3.1/../../../../arm-none-eabi/lib/armv6-m\libc_nano.a(lib_a-memset.o)
                                                  c:/program files (x86)/atmel/studio/7.0/toolchain/arm/arm-gnu-toolchain/bin/../lib/gcc/arm-none-eabi/5.3.1/../../../../arm-none-eabi/lib/armv6-m/crt0.o
rand                                              c:/program files (x86)/atmel/studio/7.0/toolchain/arm/arm-gnu-toolchain/bin/../lib/gcc/arm-none-eabi/5.3.1/../../../../arm-none-eabi/lib/armv6-m\libc_nano.a(lib_a-rand.o)
                                                  src/main.o
software_init_hook                                c:/program files (x86)/atmel/studio/7.0/toolchain/arm/arm-gnu-toolchain/bin/../lib/gcc/arm-none-eabi/5.3.1/../../../../arm-none-eabi/lib/armv6-m/crt0.o
sprite_move                                       src/main.o
srand                                             c:/program files (x86)/atmel/studio/7.0/toolchain/arm/arm-gnu-toolchain/bin/../lib/gcc/arm-none-eabi/5.3.1/../../../../arm-none-eabi/lib/armv6-m\libc_nano.a(lib_a-rand.o)
system_board_init                                 src/ASF/common2/boards/user_board/init.o
system_clock_init                                 src/ASF/sam0/drivers/system/clock/clock_samd21_r21_da/clock.o
                                                  src/main.o
system_clock_source_dfll_set_config               src/ASF/sam0/drivers/system/clock/clock_samd21_r21_da/clock.o
                                                  src/main.o
system_clock_source_disable                       src/ASF/sam0/drivers/system/clock/clock_samd21_r21_da/clock.o
system_clock_source_dpll_set_config               src/ASF/sam0/drivers/system/clock/clock_samd21_r21_da/clock.o
system_clock_source_enable                        src/ASF/sam0/drivers/system/clock/clock_samd21_r21_da/clock.o
                                                  src/main.o
system_clock_source_get_hz                        src/ASF/sam0/drivers/system/clock/clock_samd21_r21_da/clock.o
                                                  src/ASF/sam0/drivers/system/clock/clock_samd21_r21_da/gclk.o
system_clock_source_is_ready                      src/ASF/sam0/drivers/system/clock/clock_samd21_r21_da/clock.o
system_clock_source_osc32k_set_config             src/ASF/sam0/drivers/system/clock/clock_samd21_r21_da/clock.o
system_clock_source_osc8m_set_config              src/ASF/sam0/drivers/system/clock/clock_samd21_r21_da/clock.o
system_clock_source_write_calibration             src/ASF/sam0/drivers/system/clock/clock_samd21_r21_da/clock.o
system_clock_source_xosc32k_set_config            src/ASF/sam0/drivers/system/clock/clock_samd21_r21_da/clock.o
system_clock_source_xosc_set_config               src/ASF/sam0/drivers/system/clock/clock_samd21_r21_da/clock.o
system_gclk_chan_disable                          src/ASF/sam0/drivers/system/clock/clock_samd21_r21_da/gclk.o
system_gclk_chan_enable                           src/ASF/sam0/drivers/system/clock/clock_samd21_r21_da/gclk.o
system_gclk_chan_get_hz                           src/ASF/sam0/drivers/system/clock/clock_samd21_r21_da/gclk.o
                                                  src/ASF/sam0/drivers/system/clock/clock_samd21_r21_da/clock.o
system_gclk_chan_is_enabled                       src/ASF/sam0/drivers/system/clock/clock_samd21_r21_da/gclk.o
system_gclk_chan_is_locked                        src/ASF/sam0/drivers/system/clock/clock_samd21_r21_da/gclk.o
system_gclk_chan_lock                             src/ASF/sam0/drivers/system/clock/clock_samd21_r21_da/gclk.o
system_gclk_chan_set_config                       src/ASF/sam0/drivers/system/clock/clock_samd21_r21_da/gclk.o
                                                  src/ASF/sam0/drivers/system/clock/clock_samd21_r21_da/clock.o
system_gclk_gen_disable                           src/ASF/sam0/drivers/system/clock/clock_samd21_r21_da/gclk.o
system_gclk_gen_enable                            src/ASF/sam0/drivers/system/clock/clock_samd21_r21_da/gclk.o
                                                  src/ASF/sam0/drivers/system/clock/clock_samd21_r21_da/clock.o
system_gclk_gen_get_hz                            src/ASF/sam0/drivers/system/clock/clock_samd21_r21_da/gclk.o
system_gclk_gen_is_enabled                        src/ASF/sam0/drivers/system/clock/clock_samd21_r21_da/gclk.o
system_gclk_gen_set_config                        src/ASF/sam0/drivers/system/clock/clock_samd21_r21_da/gclk.o
                                                  src/main.o
                                                  src/ASF/sam0/drivers/system/clock/clock_samd21_r21_da/clock.o
system_gclk_init                                  src/ASF/sam0/drivers/system/clock/clock_samd21_r21_da/gclk.o
                                                  src/main.o
                                                  src/ASF/sam0/drivers/system/clock/clock_samd21_r21_da/clock.o
system_init                                       src/ASF/sam0/drivers/system/system.o
system_interrupt_clear_pending                    src/ASF/sam0/drivers/system/interrupt/system_interrupt.o
system_interrupt_get_priority                     src/ASF/sam0/drivers/system/interrupt/system_interrupt.o
system_interrupt_is_pending                       src/ASF/sam0/drivers/system/interrupt/system_interrupt.o
system_interrupt_set_pending                      src/ASF/sam0/drivers/system/interrupt/system_interrupt.o
system_interrupt_set_priority                     src/ASF/sam0/drivers/system/interrupt/system_interrupt.o
system_pinmux_group_set_config                    src/ASF/sam0/drivers/system/pinmux/pinmux.o
system_pinmux_group_set_input_sample_mode         src/ASF/sam0/drivers/system/pinmux/pinmux.o
system_pinmux_group_set_output_strength           src/ASF/sam0/drivers/system/pinmux/pinmux.o
system_pinmux_pin_set_config                      src/ASF/sam0/drivers/system/pinmux/pinmux.o
test                                              src/main.o
test2                                             src/main.o
